
***************************************

SN2D: Discrete ordinates transport code

Version : v0.2.0
Author  : Kyle H. Hansen

***************************************

2026/03/24 14:30:21
'hw1'

-------------------------
---- begin execution ----
-------------------------

Discrete Ordinates/Octant
n          mu          eta         w
1          0.577350   0.577350   0.250000   

Boundary Conditions
Left    Right   Bottom  Top 
0       0       0       0       

Computational Cell data
i  j  Material  dx    dy    SigmaT    SigmaS    Source
1  1  1         0.1   0.1   1.000000  0.500000  0.000000
1  2  1         0.1   0.1   1.000000  0.500000  0.000000
1  3  1         0.1   0.1   1.000000  0.500000  0.000000
1  4  1         0.1   0.1   1.000000  0.500000  0.000000
1  5  1         0.1   0.1   1.000000  0.500000  0.000000
1  6  1         0.1   0.1   1.000000  0.500000  0.000000
1  7  1         0.1   0.1   1.000000  0.500000  0.000000
1  8  1         0.1   0.1   1.000000  0.500000  0.000000
1  9  1         0.1   0.1   1.000000  0.500000  0.000000
1  10 1         0.1   0.1   1.000000  0.500000  0.000000
2  1  1         0.1   0.1   1.000000  0.500000  0.000000
2  2  1         0.1   0.1   1.000000  0.500000  0.000000
2  3  1         0.1   0.1   1.000000  0.500000  0.000000
2  4  1         0.1   0.1   1.000000  0.500000  0.000000
2  5  1         0.1   0.1   1.000000  0.500000  0.000000
2  6  1         0.1   0.1   1.000000  0.500000  0.000000
2  7  1         0.1   0.1   1.000000  0.500000  0.000000
2  8  1         0.1   0.1   1.000000  0.500000  0.000000
2  9  1         0.1   0.1   1.000000  0.500000  0.000000
2  10 1         0.1   0.1   1.000000  0.500000  0.000000
3  1  1         0.1   0.1   1.000000  0.500000  0.000000
3  2  1         0.1   0.1   1.000000  0.500000  0.000000
3  3  1         0.1   0.1   1.000000  0.500000  0.000000
3  4  1         0.1   0.1   1.000000  0.500000  0.000000
3  5  1         0.1   0.1   1.000000  0.500000  0.000000
3  6  1         0.1   0.1   1.000000  0.500000  0.000000
3  7  1         0.1   0.1   1.000000  0.500000  0.000000
3  8  1         0.1   0.1   1.000000  0.500000  0.000000
3  9  1         0.1   0.1   1.000000  0.500000  0.000000
3  10 1         0.1   0.1   1.000000  0.500000  0.000000
4  1  1         0.1   0.1   1.000000  0.500000  0.000000
4  2  1         0.1   0.1   1.000000  0.500000  0.000000
4  3  1         0.1   0.1   1.000000  0.500000  0.000000
4  4  2         0.1   0.1   2.000000  0.100000  1.000000
4  5  2         0.1   0.1   2.000000  0.100000  1.000000
4  6  2         0.1   0.1   2.000000  0.100000  1.000000
4  7  2         0.1   0.1   2.000000  0.100000  1.000000
4  8  1         0.1   0.1   1.000000  0.500000  0.000000
4  9  1         0.1   0.1   1.000000  0.500000  0.000000
4  10 1         0.1   0.1   1.000000  0.500000  0.000000
5  1  1         0.1   0.1   1.000000  0.500000  0.000000
5  2  1         0.1   0.1   1.000000  0.500000  0.000000
5  3  1         0.1   0.1   1.000000  0.500000  0.000000
5  4  2         0.1   0.1   2.000000  0.100000  1.000000
5  5  2         0.1   0.1   2.000000  0.100000  1.000000
5  6  2         0.1   0.1   2.000000  0.100000  1.000000
5  7  2         0.1   0.1   2.000000  0.100000  1.000000
5  8  1         0.1   0.1   1.000000  0.500000  0.000000
5  9  1         0.1   0.1   1.000000  0.500000  0.000000
5  10 1         0.1   0.1   1.000000  0.500000  0.000000
6  1  1         0.1   0.1   1.000000  0.500000  0.000000
6  2  1         0.1   0.1   1.000000  0.500000  0.000000
6  3  1         0.1   0.1   1.000000  0.500000  0.000000
6  4  2         0.1   0.1   2.000000  0.100000  1.000000
6  5  2         0.1   0.1   2.000000  0.100000  1.000000
6  6  2         0.1   0.1   2.000000  0.100000  1.000000
6  7  2         0.1   0.1   2.000000  0.100000  1.000000
6  8  1         0.1   0.1   1.000000  0.500000  0.000000
6  9  1         0.1   0.1   1.000000  0.500000  0.000000
6  10 1         0.1   0.1   1.000000  0.500000  0.000000
7  1  1         0.1   0.1   1.000000  0.500000  0.000000
7  2  1         0.1   0.1   1.000000  0.500000  0.000000
7  3  1         0.1   0.1   1.000000  0.500000  0.000000
7  4  2         0.1   0.1   2.000000  0.100000  1.000000
7  5  2         0.1   0.1   2.000000  0.100000  1.000000
7  6  2         0.1   0.1   2.000000  0.100000  1.000000
7  7  2         0.1   0.1   2.000000  0.100000  1.000000
7  8  1         0.1   0.1   1.000000  0.500000  0.000000
7  9  1         0.1   0.1   1.000000  0.500000  0.000000
7  10 1         0.1   0.1   1.000000  0.500000  0.000000
8  1  1         0.1   0.1   1.000000  0.500000  0.000000
8  2  1         0.1   0.1   1.000000  0.500000  0.000000
8  3  1         0.1   0.1   1.000000  0.500000  0.000000
8  4  1         0.1   0.1   1.000000  0.500000  0.000000
8  5  1         0.1   0.1   1.000000  0.500000  0.000000
8  6  1         0.1   0.1   1.000000  0.500000  0.000000
8  7  1         0.1   0.1   1.000000  0.500000  0.000000
8  8  1         0.1   0.1   1.000000  0.500000  0.000000
8  9  1         0.1   0.1   1.000000  0.500000  0.000000
8  10 1         0.1   0.1   1.000000  0.500000  0.000000
9  1  1         0.1   0.1   1.000000  0.500000  0.000000
9  2  1         0.1   0.1   1.000000  0.500000  0.000000
9  3  1         0.1   0.1   1.000000  0.500000  0.000000
9  4  1         0.1   0.1   1.000000  0.500000  0.000000
9  5  1         0.1   0.1   1.000000  0.500000  0.000000
9  6  1         0.1   0.1   1.000000  0.500000  0.000000
9  7  1         0.1   0.1   1.000000  0.500000  0.000000
9  8  1         0.1   0.1   1.000000  0.500000  0.000000
9  9  1         0.1   0.1   1.000000  0.500000  0.000000
9  10 1         0.1   0.1   1.000000  0.500000  0.000000
10 1  1         0.1   0.1   1.000000  0.500000  0.000000
10 2  1         0.1   0.1   1.000000  0.500000  0.000000
10 3  1         0.1   0.1   1.000000  0.500000  0.000000
10 4  1         0.1   0.1   1.000000  0.500000  0.000000
10 5  1         0.1   0.1   1.000000  0.500000  0.000000
10 6  1         0.1   0.1   1.000000  0.500000  0.000000
10 7  1         0.1   0.1   1.000000  0.500000  0.000000
10 8  1         0.1   0.1   1.000000  0.500000  0.000000
10 9  1         0.1   0.1   1.000000  0.500000  0.000000
10 10 1         0.1   0.1   1.000000  0.500000  0.000000
will solve D.O. Here
Discrete Ordinates Method Solution
i    j    Cell-averaged Scalar Flux
1    1    0.116144
1    2    0.107645
1    3    0.080806
1    4    0.045283
1    5    0.009000
1    6    0.009000
1    7    0.045283
1    8    0.080806
1    9    0.107645
1    10   0.116144
2    1    0.107645
2    2    0.136402
2    3    0.127220
2    4    0.095193
2    5    0.067714
2    6    0.067714
2    7    0.095193
2    8    0.127220
2    9    0.136402
2    10   0.107645
3    1    0.080806
3    2    0.127220
3    3    0.160266
3    4    0.168020
3    5    0.178690
3    6    0.178690
3    7    0.168020
3    8    0.160266
3    9    0.127220
3    10   0.080806
4    1    0.045283
4    2    0.095193
4    3    0.168020
4    4    0.267368
4    5    0.320812
4    6    0.320812
4    7    0.267368
4    8    0.168020
4    9    0.095193
4    10   0.045283
5    1    0.009000
5    2    0.067714
5    3    0.178690
5    4    0.320812
5    5    0.433242
5    6    0.433242
5    7    0.320812
5    8    0.178690
5    9    0.067714
5    10   0.009000
6    1    0.009000
6    2    0.067714
6    3    0.178690
6    4    0.320812
6    5    0.433242
6    6    0.433242
6    7    0.320812
6    8    0.178690
6    9    0.067714
6    10   0.009000
7    1    0.045283
7    2    0.095193
7    3    0.168020
7    4    0.267368
7    5    0.320812
7    6    0.320812
7    7    0.267368
7    8    0.168020
7    9    0.095193
7    10   0.045283
8    1    0.080806
8    2    0.127220
8    3    0.160266
8    4    0.168020
8    5    0.178690
8    6    0.178690
8    7    0.168020
8    8    0.160266
8    9    0.127220
8    10   0.080806
9    1    0.107645
9    2    0.136402
9    3    0.127220
9    4    0.095193
9    5    0.067714
9    6    0.067714
9    7    0.095193
9    8    0.127220
9    9    0.136402
9    10   0.107645
10   1    0.116144
10   2    0.107645
10   3    0.080806
10   4    0.045283
10   5    0.009000
10   6    0.009000
10   7    0.045283
10   8    0.080806
10   9    0.107645
10   10   0.116144

----------------------------
---- execution complete ----
----------------------------

Execution time 0.001011 seconds
