
***************************************

SN2D: Discrete ordinates transport code

Version : v0.2.0
Author  : Kyle H. Hansen

***************************************

2026/03/24 14:30:30
'p5rectangular'

-------------------------
---- begin execution ----
-------------------------

Discrete Ordinates/Octant
n          mu          eta         w
1          0.350021   0.868890   0.083333   
2          0.868890   0.868890   0.083333   
3          0.868890   0.350021   0.083333   

Boundary Conditions
Left    Right   Bottom  Top 
0       0       0       0       

Computational Cell data
i  j  Material  dx    dy    SigmaT    SigmaS    Source
1  1  1         0.1   0.2   1.000000  0.500000  0.000000
1  2  1         0.1   0.2   1.000000  0.500000  0.000000
1  3  1         0.1   0.2   1.000000  0.500000  0.000000
1  4  1         0.1   0.2   1.000000  0.500000  0.000000
2  1  1         0.1   0.2   1.000000  0.500000  0.000000
2  2  2         0.1   0.2   2.000000  0.100000  1.000000
2  3  2         0.1   0.2   2.000000  0.100000  1.000000
2  4  1         0.1   0.2   1.000000  0.500000  0.000000
3  1  1         0.1   0.2   1.000000  0.500000  0.000000
3  2  2         0.1   0.2   2.000000  0.100000  1.000000
3  3  2         0.1   0.2   2.000000  0.100000  1.000000
3  4  1         0.1   0.2   1.000000  0.500000  0.000000
4  1  1         0.1   0.2   1.000000  0.500000  0.000000
4  2  2         0.1   0.2   2.000000  0.100000  1.000000
4  3  2         0.1   0.2   2.000000  0.100000  1.000000
4  4  1         0.1   0.2   1.000000  0.500000  0.000000
5  1  1         0.1   0.2   1.000000  0.500000  0.000000
5  2  2         0.1   0.2   2.000000  0.100000  1.000000
5  3  2         0.1   0.2   2.000000  0.100000  1.000000
5  4  1         0.1   0.2   1.000000  0.500000  0.000000
6  1  1         0.1   0.2   1.000000  0.500000  0.000000
6  2  1         0.1   0.2   1.000000  0.500000  0.000000
6  3  1         0.1   0.2   1.000000  0.500000  0.000000
6  4  1         0.1   0.2   1.000000  0.500000  0.000000
will solve D.O. Here
Discrete Ordinates Method Solution
i    j    Cell-averaged Scalar Flux
1    1    0.105519
1    2    0.146750
1    3    0.146750
1    4    0.105519
2    1    0.114234
2    2    0.250330
2    3    0.250330
2    4    0.114234
3    1    0.131077
3    2    0.316576
3    3    0.316576
3    4    0.131077
4    1    0.131077
4    2    0.316576
4    3    0.316576
4    4    0.131077
5    1    0.114234
5    2    0.250330
5    3    0.250330
5    4    0.114234
6    1    0.105519
6    2    0.146750
6    3    0.146750
6    4    0.105519

----------------------------
---- execution complete ----
----------------------------

Execution time 0.000622 seconds
