
***************************************

SN2D: Discrete ordinates transport code

Version : v0.2.0
Author  : Kyle H. Hansen

***************************************

2026/03/24 14:30:35
'p5rotated'

-------------------------
---- begin execution ----
-------------------------

Discrete Ordinates/Octant
n          mu          eta         w
1          0.350021   0.868890   0.083333   
2          0.868890   0.868890   0.083333   
3          0.868890   0.350021   0.083333   

Boundary Conditions
Left    Right   Bottom  Top 
0       0       0       0       

Computational Cell data
i  j  Material  dx    dy    SigmaT    SigmaS    Source
1  1  1         0.2   0.1   1.000000  0.500000  0.000000
1  2  1         0.2   0.1   1.000000  0.500000  0.000000
1  3  1         0.2   0.1   1.000000  0.500000  0.000000
1  4  1         0.2   0.1   1.000000  0.500000  0.000000
1  5  1         0.2   0.1   1.000000  0.500000  0.000000
1  6  1         0.2   0.1   1.000000  0.500000  0.000000
2  1  1         0.2   0.1   1.000000  0.500000  0.000000
2  2  2         0.2   0.1   2.000000  0.100000  1.000000
2  3  2         0.2   0.1   2.000000  0.100000  1.000000
2  4  2         0.2   0.1   2.000000  0.100000  1.000000
2  5  2         0.2   0.1   2.000000  0.100000  1.000000
2  6  1         0.2   0.1   1.000000  0.500000  0.000000
3  1  1         0.2   0.1   1.000000  0.500000  0.000000
3  2  2         0.2   0.1   2.000000  0.100000  1.000000
3  3  2         0.2   0.1   2.000000  0.100000  1.000000
3  4  2         0.2   0.1   2.000000  0.100000  1.000000
3  5  2         0.2   0.1   2.000000  0.100000  1.000000
3  6  1         0.2   0.1   1.000000  0.500000  0.000000
4  1  1         0.2   0.1   1.000000  0.500000  0.000000
4  2  1         0.2   0.1   1.000000  0.500000  0.000000
4  3  1         0.2   0.1   1.000000  0.500000  0.000000
4  4  1         0.2   0.1   1.000000  0.500000  0.000000
4  5  1         0.2   0.1   1.000000  0.500000  0.000000
4  6  1         0.2   0.1   1.000000  0.500000  0.000000
will solve D.O. Here
Discrete Ordinates Method Solution
i    j    Cell-averaged Scalar Flux
1    1    0.105519
1    2    0.114234
1    3    0.131077
1    4    0.131077
1    5    0.114234
1    6    0.105519
2    1    0.146750
2    2    0.250330
2    3    0.316576
2    4    0.316576
2    5    0.250330
2    6    0.146750
3    1    0.146750
3    2    0.250330
3    3    0.316576
3    4    0.316576
3    5    0.250330
3    6    0.146750
4    1    0.105519
4    2    0.114234
4    3    0.131077
4    4    0.131077
4    5    0.114234
4    6    0.105519

----------------------------
---- execution complete ----
----------------------------

Execution time 0.000647 seconds
