
***************************************

SN2D: Discrete ordinates transport code

Version : v0.2.1
Author  : Kyle H. Hansen

***************************************

2026/04/05 20:07:07
'source_island'

-------------------------
---- begin execution ----
-------------------------

Discrete Ordinates/Octant
n          mu          eta         w
1          0.577350   0.577350   0.250000   

Boundary Conditions
Left    Right   Bottom  Top 
0       0       0       0       

Computational Cell data
i  j  Material  dx    dy    SigmaT    SigmaS    Source
1  1  1         0.1   0.1   1.000000  0.500000  0.000000
1  2  1         0.1   0.1   1.000000  0.500000  0.000000
1  3  1         0.1   0.1   1.000000  0.500000  0.000000
1  4  1         0.1   0.1   1.000000  0.500000  0.000000
1  5  1         0.1   0.1   1.000000  0.500000  0.000000
1  6  1         0.1   0.1   1.000000  0.500000  0.000000
1  7  1         0.1   0.1   1.000000  0.500000  0.000000
1  8  1         0.1   0.1   1.000000  0.500000  0.000000
1  9  1         0.1   0.1   1.000000  0.500000  0.000000
1  10 1         0.1   0.1   1.000000  0.500000  0.000000
2  1  1         0.1   0.1   1.000000  0.500000  0.000000
2  2  1         0.1   0.1   1.000000  0.500000  0.000000
2  3  1         0.1   0.1   1.000000  0.500000  0.000000
2  4  1         0.1   0.1   1.000000  0.500000  0.000000
2  5  1         0.1   0.1   1.000000  0.500000  0.000000
2  6  1         0.1   0.1   1.000000  0.500000  0.000000
2  7  1         0.1   0.1   1.000000  0.500000  0.000000
2  8  1         0.1   0.1   1.000000  0.500000  0.000000
2  9  1         0.1   0.1   1.000000  0.500000  0.000000
2  10 1         0.1   0.1   1.000000  0.500000  0.000000
3  1  1         0.1   0.1   1.000000  0.500000  0.000000
3  2  1         0.1   0.1   1.000000  0.500000  0.000000
3  3  1         0.1   0.1   1.000000  0.500000  0.000000
3  4  1         0.1   0.1   1.000000  0.500000  0.000000
3  5  1         0.1   0.1   1.000000  0.500000  0.000000
3  6  1         0.1   0.1   1.000000  0.500000  0.000000
3  7  1         0.1   0.1   1.000000  0.500000  0.000000
3  8  1         0.1   0.1   1.000000  0.500000  0.000000
3  9  1         0.1   0.1   1.000000  0.500000  0.000000
3  10 1         0.1   0.1   1.000000  0.500000  0.000000
4  1  1         0.1   0.1   1.000000  0.500000  0.000000
4  2  1         0.1   0.1   1.000000  0.500000  0.000000
4  3  1         0.1   0.1   1.000000  0.500000  0.000000
4  4  2         0.1   0.1   2.000000  0.100000  1.000000
4  5  2         0.1   0.1   2.000000  0.100000  1.000000
4  6  2         0.1   0.1   2.000000  0.100000  1.000000
4  7  2         0.1   0.1   2.000000  0.100000  1.000000
4  8  1         0.1   0.1   1.000000  0.500000  0.000000
4  9  1         0.1   0.1   1.000000  0.500000  0.000000
4  10 1         0.1   0.1   1.000000  0.500000  0.000000
5  1  1         0.1   0.1   1.000000  0.500000  0.000000
5  2  1         0.1   0.1   1.000000  0.500000  0.000000
5  3  1         0.1   0.1   1.000000  0.500000  0.000000
5  4  2         0.1   0.1   2.000000  0.100000  1.000000
5  5  2         0.1   0.1   2.000000  0.100000  1.000000
5  6  2         0.1   0.1   2.000000  0.100000  1.000000
5  7  2         0.1   0.1   2.000000  0.100000  1.000000
5  8  1         0.1   0.1   1.000000  0.500000  0.000000
5  9  1         0.1   0.1   1.000000  0.500000  0.000000
5  10 1         0.1   0.1   1.000000  0.500000  0.000000
6  1  1         0.1   0.1   1.000000  0.500000  0.000000
6  2  1         0.1   0.1   1.000000  0.500000  0.000000
6  3  1         0.1   0.1   1.000000  0.500000  0.000000
6  4  2         0.1   0.1   2.000000  0.100000  1.000000
6  5  2         0.1   0.1   2.000000  0.100000  1.000000
6  6  2         0.1   0.1   2.000000  0.100000  1.000000
6  7  2         0.1   0.1   2.000000  0.100000  1.000000
6  8  1         0.1   0.1   1.000000  0.500000  0.000000
6  9  1         0.1   0.1   1.000000  0.500000  0.000000
6  10 1         0.1   0.1   1.000000  0.500000  0.000000
7  1  1         0.1   0.1   1.000000  0.500000  0.000000
7  2  1         0.1   0.1   1.000000  0.500000  0.000000
7  3  1         0.1   0.1   1.000000  0.500000  0.000000
7  4  2         0.1   0.1   2.000000  0.100000  1.000000
7  5  2         0.1   0.1   2.000000  0.100000  1.000000
7  6  2         0.1   0.1   2.000000  0.100000  1.000000
7  7  2         0.1   0.1   2.000000  0.100000  1.000000
7  8  1         0.1   0.1   1.000000  0.500000  0.000000
7  9  1         0.1   0.1   1.000000  0.500000  0.000000
7  10 1         0.1   0.1   1.000000  0.500000  0.000000
8  1  1         0.1   0.1   1.000000  0.500000  0.000000
8  2  1         0.1   0.1   1.000000  0.500000  0.000000
8  3  1         0.1   0.1   1.000000  0.500000  0.000000
8  4  1         0.1   0.1   1.000000  0.500000  0.000000
8  5  1         0.1   0.1   1.000000  0.500000  0.000000
8  6  1         0.1   0.1   1.000000  0.500000  0.000000
8  7  1         0.1   0.1   1.000000  0.500000  0.000000
8  8  1         0.1   0.1   1.000000  0.500000  0.000000
8  9  1         0.1   0.1   1.000000  0.500000  0.000000
8  10 1         0.1   0.1   1.000000  0.500000  0.000000
9  1  1         0.1   0.1   1.000000  0.500000  0.000000
9  2  1         0.1   0.1   1.000000  0.500000  0.000000
9  3  1         0.1   0.1   1.000000  0.500000  0.000000
9  4  1         0.1   0.1   1.000000  0.500000  0.000000
9  5  1         0.1   0.1   1.000000  0.500000  0.000000
9  6  1         0.1   0.1   1.000000  0.500000  0.000000
9  7  1         0.1   0.1   1.000000  0.500000  0.000000
9  8  1         0.1   0.1   1.000000  0.500000  0.000000
9  9  1         0.1   0.1   1.000000  0.500000  0.000000
9  10 1         0.1   0.1   1.000000  0.500000  0.000000
10 1  1         0.1   0.1   1.000000  0.500000  0.000000
10 2  1         0.1   0.1   1.000000  0.500000  0.000000
10 3  1         0.1   0.1   1.000000  0.500000  0.000000
10 4  1         0.1   0.1   1.000000  0.500000  0.000000
10 5  1         0.1   0.1   1.000000  0.500000  0.000000
10 6  1         0.1   0.1   1.000000  0.500000  0.000000
10 7  1         0.1   0.1   1.000000  0.500000  0.000000
10 8  1         0.1   0.1   1.000000  0.500000  0.000000
10 9  1         0.1   0.1   1.000000  0.500000  0.000000
10 10 1         0.1   0.1   1.000000  0.500000  0.000000

Terminated successfully after 5 iterations

Discrete Ordinates Method Solution
i    j    Cell-averaged Scalar Flux
1    1    6.13684147e-02
1    2    5.76747038e-02
1    3    4.43680024e-02
1    4    2.64336047e-02
1    5    8.11247484e-03
1    6    8.11247484e-03
1    7    2.64336047e-02
1    8    4.43680024e-02
1    9    5.76747038e-02
1    10   6.13684147e-02
2    1    5.76747038e-02
2    2    7.27810248e-02
2    3    6.84277962e-02
2    4    5.23657017e-02
2    5    3.85831230e-02
2    6    3.85831230e-02
2    7    5.23657017e-02
2    8    6.84277962e-02
2    9    7.27810248e-02
2    10   5.76747038e-02
3    1    4.43680024e-02
3    2    6.84277962e-02
3    3    8.54332895e-02
3    4    8.96084425e-02
3    5    9.50394138e-02
3    6    9.50394138e-02
3    7    8.96084425e-02
3    8    8.54332895e-02
3    9    6.84277962e-02
3    10   4.43680024e-02
4    1    2.64336047e-02
4    2    5.23657017e-02
4    3    8.96084425e-02
4    4    1.39683917e-01
4    5    1.66600788e-01
4    6    1.66600788e-01
4    7    1.39683917e-01
4    8    8.96084425e-02
4    9    5.23657017e-02
4    10   2.64336047e-02
5    1    8.11247484e-03
5    2    3.85831230e-02
5    3    9.50394138e-02
5    4    1.66600788e-01
5    5    2.22947800e-01
5    6    2.22947800e-01
5    7    1.66600788e-01
5    8    9.50394138e-02
5    9    3.85831230e-02
5    10   8.11247484e-03
6    1    8.11247484e-03
6    2    3.85831230e-02
6    3    9.50394138e-02
6    4    1.66600788e-01
6    5    2.22947800e-01
6    6    2.22947800e-01
6    7    1.66600788e-01
6    8    9.50394138e-02
6    9    3.85831230e-02
6    10   8.11247484e-03
7    1    2.64336047e-02
7    2    5.23657017e-02
7    3    8.96084425e-02
7    4    1.39683917e-01
7    5    1.66600788e-01
7    6    1.66600788e-01
7    7    1.39683917e-01
7    8    8.96084425e-02
7    9    5.23657017e-02
7    10   2.64336047e-02
8    1    4.43680024e-02
8    2    6.84277962e-02
8    3    8.54332895e-02
8    4    8.96084425e-02
8    5    9.50394138e-02
8    6    9.50394138e-02
8    7    8.96084425e-02
8    8    8.54332895e-02
8    9    6.84277962e-02
8    10   4.43680024e-02
9    1    5.76747038e-02
9    2    7.27810248e-02
9    3    6.84277962e-02
9    4    5.23657017e-02
9    5    3.85831230e-02
9    6    3.85831230e-02
9    7    5.23657017e-02
9    8    6.84277962e-02
9    9    7.27810248e-02
9    10   5.76747038e-02
10   1    6.13684147e-02
10   2    5.76747038e-02
10   3    4.43680024e-02
10   4    2.64336047e-02
10   5    8.11247484e-03
10   6    8.11247484e-03
10   7    2.64336047e-02
10   8    4.43680024e-02
10   9    5.76747038e-02
10   10   6.13684147e-02

----------------------------
---- execution complete ----
----------------------------

Execution time 0.000515 seconds
